#
# There is insufficient memory for the Java Runtime Environment to continue.
# Native memory allocation (mmap) failed to map 532676608 bytes for G1 virtual space
# Possible reasons:
#   The system is out of physical RAM or swap space
#   The process is running with CompressedOops enabled, and the Java Heap may be blocking the growth of the native heap
# Possible solutions:
#   Reduce memory load on the system
#   Increase physical memory or swap space
#   Check if swap backing store is full
#   Decrease Java heap size (-Xmx/-Xms)
#   Decrease number of Java threads
#   Decrease Java thread stack sizes (-Xss)
#   Set larger code cache with -XX:ReservedCodeCacheSize=
#   JVM is running with Zero Based Compressed Oops mode in which the Java heap is
#     placed in the first 32GB address space. The Java Heap base address is the
#     maximum limit for the native heap growth. Please use -XX:HeapBaseMinAddress
#     to set the Java Heap base and to place the Java Heap above 32GB virtual address.
# This output file may be truncated or incomplete.
#
#  Out of Memory Error (os_windows.cpp:3548), pid=16180, tid=28992
#
# JRE version:  (17.0.10+11) (build )
# Java VM: Java HotSpot(TM) 64-Bit Server VM (17.0.10+11-LTS-240, mixed mode, sharing, tiered, compressed oops, compressed class ptrs, g1 gc, windows-amd64)
# No core dump will be written. Minidumps are not enabled by default on client versions of Windows
#

---------------  S U M M A R Y ------------

Command Line: -Dcom.sun.management.jmxremote -Dcom.sun.management.jmxremote.port=51527 -Dcom.sun.management.jmxremote.authenticate=false -Dcom.sun.management.jmxremote.ssl=false -Dspring.jmx.enabled=true -Djava.rmi.server.hostname=localhost -Dspring.application.admin.enabled=true -Dspring.boot.project.name=ufc -XX:+ShowCodeDetailsInExceptionMessages app.scit46.ufc.UfcApplication

Host: Intel(R) Core(TM) 7 150U, 12 cores, 31G,  Windows 11 , 64 bit Build 26100 (10.0.26100.3037)
Time: Wed Feb 26 10:26:33 2025  Windows 11 , 64 bit Build 26100 (10.0.26100.3037) elapsed time: 2.063759 seconds (0d 0h 0m 2s)

---------------  T H R E A D  ---------------

Current thread (0x00000267a918de40):  JavaThread "Unknown thread" [_thread_in_vm, id=28992, stack(0x000000f52f500000,0x000000f52f600000)]

Stack: [0x000000f52f500000,0x000000f52f600000]
Native frames: (J=compiled Java code, j=interpreted, Vv=VM code, C=native code)
V  [jvm.dll+0x677a5a]
V  [jvm.dll+0x7d8b2d]
V  [jvm.dll+0x7da48e]
V  [jvm.dll+0x7daaf3]
V  [jvm.dll+0x2455ff]
V  [jvm.dll+0x6749b9]
V  [jvm.dll+0x669382]
V  [jvm.dll+0x302e96]
V  [jvm.dll+0x30a416]
V  [jvm.dll+0x359cbe]
V  [jvm.dll+0x359eef]
V  [jvm.dll+0x2d9e88]
V  [jvm.dll+0x2dadf4]
V  [jvm.dll+0x7aa551]
V  [jvm.dll+0x367911]
V  [jvm.dll+0x789639]
V  [jvm.dll+0x3eb30f]
V  [jvm.dll+0x3ecd91]
C  [jli.dll+0x5297]
C  [ucrtbase.dll+0x37b0]
C  [KERNEL32.DLL+0x2e8d7]
C  [ntdll.dll+0xbbf2c]


---------------  P R O C E S S  ---------------

Threads class SMR info:
_java_thread_list=0x00007ffdf83d6a18, length=0, elements={
}

Java Threads: ( => current thread )

Other Threads:
  0x00000267d3580780 GCTaskThread "GC Thread#0" [stack: 0x000000f52f600000,0x000000f52f700000] [id=424]
  0x00000267a9213aa0 ConcurrentGCThread "G1 Main Marker" [stack: 0x000000f52f700000,0x000000f52f800000] [id=4064]
  0x00000267a9215360 ConcurrentGCThread "G1 Conc#0" [stack: 0x000000f52f800000,0x000000f52f900000] [id=21140]

[error occurred during error reporting (printing all threads), id 0xc0000005, EXCEPTION_ACCESS_VIOLATION (0xc0000005) at pc=0x00007ffdf7c0aae7]

VM state: not at safepoint (not fully initialized)

VM Mutex/Monitor currently owned by a thread:  ([mutex/lock_event])
[0x00000267a918ced0] Heap_lock - owner thread: 0x00000267a918de40

Heap address: 0x0000000604c00000, size: 8116 MB, Compressed Oops mode: Zero based, Oop shift amount: 3

CDS archive(s) mapped at: [0x0000000000000000-0x0000000000000000-0x0000000000000000), size 0, SharedBaseAddress: 0x0000000800000000, ArchiveRelocationMode: 1.
Narrow klass base: 0x0000000000000000, Narrow klass shift: 0, Narrow klass range: 0x0

GC Precious Log:
<Empty>

Heap:
 garbage-first heap   total 0K, used 0K [0x0000000604c00000, 0x0000000800000000)
  region size 4096K, 0 young (0K), 0 survivors (0K)

[error occurred during error reporting (printing heap information), id 0xc0000005, EXCEPTION_ACCESS_VIOLATION (0xc0000005) at pc=0x00007ffdf7ff1249]

GC Heap History (0 events):
No events

Deoptimization events (0 events):
No events

Classes unloaded (0 events):
No events

Classes redefined (0 events):
No events

Internal exceptions (0 events):
No events

VM Operations (0 events):
No events

Events (1 events):
Event: 0.013 Loaded shared library C:\Program Files\Java\jdk-17\bin\java.dll


Dynamic libraries:
0x00007ff6cd800000 - 0x00007ff6cd810000 	C:\Program Files\Java\jdk-17\bin\java.exe
0x00007ffe75120000 - 0x00007ffe75383000 	C:\WINDOWS\SYSTEM32\ntdll.dll
0x00007ffe74450000 - 0x00007ffe74517000 	C:\WINDOWS\System32\KERNEL32.DLL
0x00007ffe72af0000 - 0x00007ffe72eb7000 	C:\WINDOWS\System32\KERNELBASE.dll
0x00007ffe72760000 - 0x00007ffe728ac000 	C:\WINDOWS\System32\ucrtbase.dll
0x00007ffe69e30000 - 0x00007ffe69e4b000 	C:\Program Files\Java\jdk-17\bin\VCRUNTIME140.dll
0x00007ffe69e50000 - 0x00007ffe69e69000 	C:\Program Files\Java\jdk-17\bin\jli.dll
0x00007ffe73a00000 - 0x00007ffe73ab4000 	C:\WINDOWS\System32\ADVAPI32.dll
0x00007ffe74610000 - 0x00007ffe746b9000 	C:\WINDOWS\System32\msvcrt.dll
0x00007ffe73e70000 - 0x00007ffe73f16000 	C:\WINDOWS\System32\sechost.dll
0x00007ffe738d0000 - 0x00007ffe739e6000 	C:\WINDOWS\System32\RPCRT4.dll
0x00007ffe73ac0000 - 0x00007ffe73c89000 	C:\WINDOWS\System32\USER32.dll
0x00007ffe72600000 - 0x00007ffe72627000 	C:\WINDOWS\System32\win32u.dll
0x00007ffe56970000 - 0x00007ffe56c00000 	C:\WINDOWS\WinSxS\amd64_microsoft.windows.common-controls_6595b64144ccf1df_6.0.26100.3037_none_3e09262ce333c378\COMCTL32.dll
0x00007ffe74720000 - 0x00007ffe7474a000 	C:\WINDOWS\System32\GDI32.dll
0x00007ffe72630000 - 0x00007ffe7275b000 	C:\WINDOWS\System32\gdi32full.dll
0x00007ffe72550000 - 0x00007ffe725f3000 	C:\WINDOWS\System32\msvcp_win.dll
0x00007ffe68f80000 - 0x00007ffe68f8b000 	C:\WINDOWS\SYSTEM32\VERSION.dll
0x00007ffe75050000 - 0x00007ffe7507f000 	C:\WINDOWS\System32\IMM32.DLL
0x00007ffe6a930000 - 0x00007ffe6a93c000 	C:\Program Files\Java\jdk-17\bin\vcruntime140_1.dll
0x00007ffe65e80000 - 0x00007ffe65f0e000 	C:\Program Files\Java\jdk-17\bin\msvcp140.dll
0x00007ffdf7920000 - 0x00007ffdf84ff000 	C:\Program Files\Java\jdk-17\bin\server\jvm.dll
0x00007ffe739f0000 - 0x00007ffe739f8000 	C:\WINDOWS\System32\PSAPI.DLL
0x00007ffe66de0000 - 0x00007ffe66e16000 	C:\WINDOWS\SYSTEM32\WINMM.dll
0x00007ffe5fad0000 - 0x00007ffe5fada000 	C:\WINDOWS\SYSTEM32\WSOCK32.dll
0x00007ffe73fb0000 - 0x00007ffe74024000 	C:\WINDOWS\System32\WS2_32.dll
0x00007ffe71400000 - 0x00007ffe7141a000 	C:\WINDOWS\SYSTEM32\kernel.appcore.dll
0x00007ffe6cb20000 - 0x00007ffe6cb2a000 	C:\Program Files\Java\jdk-17\bin\jimage.dll
0x00007ffe6fbf0000 - 0x00007ffe6fe31000 	C:\WINDOWS\SYSTEM32\DBGHELP.DLL
0x00007ffe740c0000 - 0x00007ffe7443e000 	C:\WINDOWS\System32\combase.dll
0x00007ffe72fc0000 - 0x00007ffe73096000 	C:\WINDOWS\System32\OLEAUT32.dll
0x00007ffe521d0000 - 0x00007ffe52209000 	C:\WINDOWS\SYSTEM32\dbgcore.DLL
0x00007ffe72ec0000 - 0x00007ffe72f59000 	C:\WINDOWS\System32\bcryptPrimitives.dll
0x00007ffe66850000 - 0x00007ffe66875000 	C:\Program Files\Java\jdk-17\bin\java.dll

dbghelp: loaded successfully - version: 4.0.5 - missing functions: none
symbol engine: initialized successfully - sym options: 0x614 - pdb path: .;C:\Program Files\Java\jdk-17\bin;C:\WINDOWS\SYSTEM32;C:\WINDOWS\WinSxS\amd64_microsoft.windows.common-controls_6595b64144ccf1df_6.0.26100.3037_none_3e09262ce333c378;C:\Program Files\Java\jdk-17\bin\server

VM Arguments:
jvm_args: -Dcom.sun.management.jmxremote -Dcom.sun.management.jmxremote.port=51527 -Dcom.sun.management.jmxremote.authenticate=false -Dcom.sun.management.jmxremote.ssl=false -Dspring.jmx.enabled=true -Djava.rmi.server.hostname=localhost -Dspring.application.admin.enabled=true -Dspring.boot.project.name=ufc -XX:+ShowCodeDetailsInExceptionMessages 
java_command: app.scit46.ufc.UfcApplication
java_class_path (initial): D:\Ik_Jun_Team_Project\ufc\bin\main;D:\Ik_Jun_Team_Project\ufc\bin\test;D:\Ik_Jun_Team_Project\ufc\bin\default;C:\Users\user\.gradle\caches\modules-2\files-2.1\org.projectlombok\lombok\1.18.36\5a30490a6e14977d97d9c73c924c1f1b5311ea95\lombok-1.18.36.jar;C:\Users\user\.gradle\caches\modules-2\files-2.1\org.springframework.boot\spring-boot-starter-data-jpa\3.4.1\f06be4354c339f3f880a5c66a6913cd2366eb225\spring-boot-starter-data-jpa-3.4.1.jar;C:\Users\user\.gradle\caches\modules-2\files-2.1\org.springframework.boot\spring-boot-starter-thymeleaf\3.4.1\a2903c33815dbc9c65c97f83e32dcea2d9935429\spring-boot-starter-thymeleaf-3.4.1.jar;C:\Users\user\.gradle\caches\modules-2\files-2.1\org.springframework.boot\spring-boot-starter-web\3.4.1\ff7227fc62338e0f6eba3f9f94c12eb952d4da95\spring-boot-starter-web-3.4.1.jar;C:\Users\user\.gradle\caches\modules-2\files-2.1\org.springframework.boot\spring-boot-starter-security\3.4.1\6a82a9f484d265c73a203d551b614cd8bdde5825\spring-boot-starter-security-3.4.1.jar;C:\Users\user\.gradle\caches\modules-2\files-2.1\org.springframework.boot\spring-boot-starter-oauth2-client\3.4.1\9d39fbd91d9231bf0c9d3259e5152b9bda733f1a\spring-boot-starter-oauth2-client-3.4.1.jar;C:\Users\user\.gradle\caches\modules-2\files-2.1\org.springdoc\springdoc-openapi-starter-webmvc-ui\2.8.0\390509de5d090f3ad017c97500e6fdcfc3487196\springdoc-openapi-starter-webmvc-ui-2.8.0.jar;C:\Users\user\.gradle\caches\modules-2\files-2.1\org.springdoc\springdoc-openapi-starter-webmvc-api\2.8.0\d6ac493de2954cc1c045366f3f466e0201e07960\springdoc-openapi-starter-webmvc-api-2.8.0.jar;C:\Users\user\.gradle\caches\modules-2\files-2.1\org.springdoc\springdoc-openapi-starter-common\2.8.0\af03c508876f5c0e3aa5cb05c76cf787a7b684f8\springdoc-openapi-starter-common-2.8.0.jar;C:\Users\user\.gradle\caches\modules-2\files-2.1\io.swagger.core.v3\swagger-core-jakarta\2.2.27\d6f4ce930c64dc653b3448412fd2cb600974657a\swagger-core-jakarta-2.2.27.jar;C:\Users\user\.gradle\caches\m
Launcher Type: SUN_STANDARD

[Global flags]
     intx CICompilerCount                          = 4                                         {product} {ergonomic}
     uint ConcGCThreads                            = 3                                         {product} {ergonomic}
     uint G1ConcRefinementThreads                  = 10                                        {product} {ergonomic}
   size_t G1HeapRegionSize                         = 4194304                                   {product} {ergonomic}
    uintx GCDrainStackTargetSize                   = 64                                        {product} {ergonomic}
   size_t InitialHeapSize                          = 532676608                                 {product} {ergonomic}
     bool ManagementServer                         = true                                      {product} {command line}
   size_t MarkStackSize                            = 4194304                                   {product} {ergonomic}
   size_t MaxHeapSize                              = 8510242816                                {product} {ergonomic}
   size_t MinHeapDeltaBytes                        = 4194304                                   {product} {ergonomic}
   size_t MinHeapSize                              = 8388608                                   {product} {ergonomic}
    uintx NonNMethodCodeHeapSize                   = 5839372                                {pd product} {ergonomic}
    uintx NonProfiledCodeHeapSize                  = 122909434                              {pd product} {ergonomic}
    uintx ProfiledCodeHeapSize                     = 122909434                              {pd product} {ergonomic}
    uintx ReservedCodeCacheSize                    = 251658240                              {pd product} {ergonomic}
     bool SegmentedCodeCache                       = true                                      {product} {ergonomic}
     bool ShowCodeDetailsInExceptionMessages       = true                                   {manageable} {command line}
   size_t SoftMaxHeapSize                          = 8510242816                             {manageable} {ergonomic}
     bool UseCompressedClassPointers               = true                           {product lp64_product} {ergonomic}
     bool UseCompressedOops                        = true                           {product lp64_product} {ergonomic}
     bool UseG1GC                                  = true                                      {product} {ergonomic}
     bool UseLargePagesIndividualAllocation        = false                                  {pd product} {ergonomic}

Logging:
Log output configuration:
 #0: stdout all=warning uptime,level,tags
 #1: stderr all=off uptime,level,tags

Environment Variables:
JAVA_HOME=C:\Program Files\Java\jdk-17
PATH=C:\Program Files\Java\jdk-17\bin;C:\Program Files\Common Files\Oracle\Java\javapath;C:\pr\ORDB\app\oracle\product\11.2.0\server\bin;C:\WINDOWS\system32;C:\WINDOWS;C:\WINDOWS\System32\Wbem;C:\WINDOWS\System32\WindowsPowerShell\v1.0\;C:\WINDOWS\System32\OpenSSH\;C:\pr\MySQL\MySQL Server 8.0\bin;C:\Program Files\Bandizip\;C:\Program Files\Microsoft VS Code\bin;C:\Program Files\Git\cmd;C:\Program Files\Common Files\Autodesk Shared\;C:\Users\user\AppData\Local\Microsoft\WindowsApps;C:\Users\user\AppData\Local\Programs\cursor\resources\app\bin
USERNAME=user
LANG=en_US.UTF-8
OS=Windows_NT
PROCESSOR_IDENTIFIER=Intel64 Family 6 Model 186 Stepping 3, GenuineIntel



---------------  S Y S T E M  ---------------

OS:
 Windows 11 , 64 bit Build 26100 (10.0.26100.3037)
OS uptime: 13 days 2:28 hours

CPU: total 12 (initial active 12) (6 cores per cpu, 2 threads per core) family 6 model 186 stepping 3 microcode 0x411f, cx8, cmov, fxsr, ht, mmx, 3dnowpref, sse, sse2, sse3, ssse3, sse4.1, sse4.2, popcnt, lzcnt, tsc, tscinvbit, avx, avx2, aes, erms, clmul, bmi1, bmi2, adx, sha, fma, vzeroupper, clflush, clflushopt, clwb

Memory: 4k page, system-wide physical 32451M (8951M free)
TotalPageFile size 55007M (AvailPageFile size 144M)
current process WorkingSet (physical memory assigned to process): 13M, peak: 13M
current process commit charge ("private bytes"): 65M, peak: 574M

vm_info: Java HotSpot(TM) 64-Bit Server VM (17.0.10+11-LTS-240) for windows-amd64 JRE (17.0.10+11-LTS-240), built on Dec 19 2023 21:47:25 by "mach5one" with MS VC++ 17.1 (VS2022)

END.
